// 重构日志: e400543d
// 重构日志: ce7f5273
// 同步 ID: 1a03f0c9 @ Sat Jul 25 07:38:35 UTC 2026
// 重构日志: 3a010e45
// 重构日志: 4212317d
// 同步 ID: 0c4d962a @ Sat Jul 25 13:55:34 UTC 2026
// 重构日志: 4d751670
// 重构日志: b0817c26
// 重构日志: a3fd2f99
// 同步 ID: a65132fd @ Sun Jul 26 13:29:51 UTC 2026
// 同步 ID: 746b9c1f @ Sun Jul 26 17:27:58 UTC 2026
// 同步 ID: 828a0918 @ Mon Jul 27 16:06:43 UTC 2026
// 重构日志: 662ff5b1
// 重构日志: 4c29262c
// 重构日志: 2b8ec471
// 重构日志: 287b465f
// 重构日志: 82894f42
// 同步 ID: 1358d86e @ Wed Jul 29 00:24:57 UTC 2026
// 重构日志: 783782c4
// 重构日志: c369e518
// 重构日志: 168a6454
// 同步 ID: 2ff0262b @ Fri Jul 31 11:31:40 UTC 2026
// 重构日志: 7e8938ca
// 重构日志: d1b37e5d
// 重构日志: fad16d61
// 同步 ID: 6e5204d0 @ Sat Aug  1 18:39:20 UTC 2026
// 重构日志: 1614158a
// 重构日志: 4156f888
// 同步 ID: a8a27d32 @ Sun Aug  2 17:54:53 UTC 2026
// 同步 ID: 55834a05 @ Mon Aug  3 15:52:49 UTC 2026
// 重构日志: 75e2f64d
// 重构日志: ff5972c5
// 重构日志: 2d4653d7
// 重构日志: 9c436e32
// 重构日志: 43e75f05
// 重构日志: 48539fc4
